[external.html]
[backblue.gif]
[fade.gif]
[trac/toba/chrome/site/logo_toba_siu.gif]
[trac/toba/wiki.html]
[trac/toba/chrome/common/trac_logo_mini.png]
[trac/toba/wiki/TracGuide.html]
[trac/toba/chrome/common/css/trac.css]
[trac/toba/chrome/common/extlink.gif]
[trac/toba/chrome/common/topbar_gradient.png]
[trac/toba/chrome/common/dots.gif]
[trac/toba/chrome/common/topbar_gradient2.png]
[trac/toba/chrome/common/css/wiki.css]
[trac/toba/chrome/common/ics.png]
[trac/toba/chrome/common/xml.png]
[trac/toba/chrome/common/edit_toolbar.png]
[trac/toba/chrome/common/asc.png]
[trac/toba/chrome/common/js/trac.js]
[trac/toba/chrome/common/desc.png]
[trac/toba/chrome/common/draft.png]
[trac/toba/wiki/TitleIndex.html]
[trac/toba/wiki/RecentChanges.html]
[trac/toba/wiki/MesaDeEntradas.html]
[trac/toba/wiki/Introduccion.html]
[trac/toba/wiki/Guia.html]
[trac/toba/wiki/Tecnologia.html]
[trac/toba/wiki/Proyectos.html]
[trac/toba/wiki/Instalacion.html]
[trac/toba/wiki/Referencia.html]
[trac/toba/wiki/Tutorial.html]
[trac/toba/wiki/Metodologia.html]
[trac/toba/wiki/Versiones.html]
[trac/toba/wiki/Desarrollo.html]
[trac/toba/wiki/Biblioteca.html]
[trac/toba/wiki/Herramientas.html]
[trac/toba/wiki/WikiStart.html]
[trac/toba/wiki/TracInstall.html]
[trac/toba/wiki/TracUpgrade.html]
[trac/toba/wiki/TracIni.html]
[trac/toba/wiki/TracAdmin.html]
[trac/toba/wiki/TracBackup.html]
[trac/toba/wiki/TracLogging.html]
[trac/toba/wiki/TracPermissions.html]
[trac/toba/wiki/TracWiki.html]
[trac/toba/wiki/TracRss.html]
[trac/toba/wiki/TracNotification.html]
[trac/toba/wiki/TracInterfaceCustomization.html]
[trac/toba/wiki/TracPlugins.html]
[trac/toba/wiki/TracImport.html]
[trac/toba/wiki/TracSupport.html]
[trac/toba/chrome/common/css/code.css]
[trac/toba/chrome/common/imggrid.png]
[trac/toba/wiki/API/RecordSet.html]
[trac/toba/wiki/CamelCase.html]
[trac/toba/wiki/Desarrollo/Administrador/Asistentes.html]
[trac/toba/wiki/Desarrollo/Administrador/Asistentes/ABMsimple.html]
[trac/toba/wiki/Desarrollo/Administrador/Ideas.html]
[trac/toba/wiki/Desarrollo/Administrador/PropiedadesBasicasObjetos/Extension.html]
[trac/toba/wiki/Desarrollo/Administrador/Versiones.html]
[trac/toba/wiki/Desarrollo/AdministrarMetadatos.html]
[trac/toba/wiki/Desarrollo/Autodocumentacion.html]
[trac/toba/wiki/Desarrollo/CompatibilidadInversa.html]
[trac/toba/wiki/Desarrollo/Consola/Instancias.html]
[trac/toba/wiki/Desarrollo/Consola/Refactorizacion.html]
[trac/toba/wiki/Desarrollo/Conversaciones.html]
[trac/toba/wiki/Desarrollo/CorrectorOrtografico.html]
[trac/toba/wiki/Desarrollo/CosasViejas.html]
[trac/toba/wiki/Desarrollo/Cronograma.html]
[trac/toba/wiki/Desarrollo/Deployment.html]
[trac/toba/wiki/Desarrollo/EFs.html]
[trac/toba/wiki/Desarrollo/E_STRICT.html]
[trac/toba/wiki/Desarrollo/ElementoToba.html]
[trac/toba/wiki/Desarrollo/ErroresSql.html]
[trac/toba/wiki/Desarrollo/Eventos.html]
[trac/toba/wiki/Desarrollo/FlujoMetadatos.html]
[trac/toba/wiki/Desarrollo/GeneracionAutomatica.html]
[trac/toba/wiki/Desarrollo/Layout.html]
[trac/toba/wiki/Desarrollo/LenguajeNoTipado.html]
[trac/toba/wiki/Desarrollo/LockingOptimista.html]
[trac/toba/wiki/Desarrollo/PDO.html]
[trac/toba/wiki/Desarrollo/PHP5.html]
[trac/toba/wiki/Desarrollo/Persistencia.html]
[trac/toba/wiki/Desarrollo/Personalizaciones.html]
[trac/toba/wiki/Desarrollo/Personalizaciones/ModeloGuarani.html]
[trac/toba/wiki/Desarrollo/Planificacion/0.8.html]
[trac/toba/wiki/Desarrollo/Planificacion/Compatibilidad.html]
[trac/toba/wiki/Desarrollo/Planificacion/Compatibilidad/0.8.html]
[trac/toba/wiki/Desarrollo/PuertasNucleo.html]
[trac/toba/wiki/Desarrollo/Refactorizaciones.html]
[trac/toba/wiki/Desarrollo/Refactorizaciones/ci_junio_2005.html]
[trac/toba/wiki/Desarrollo/Refactorizaciones/efs.html]
[trac/toba/wiki/Desarrollo/Refactorizaciones/frames.html]
[trac/toba/wiki/Desarrollo/Refactorizaciones/menu.html]
[trac/toba/wiki/Desarrollo/Refactorizaciones/modulos.html]
[trac/toba/wiki/Desarrollo/Refactorizaciones/navegacion.html]
[trac/toba/wiki/Desarrollo/Refactorizaciones/nucleo.html]
[trac/toba/wiki/Desarrollo/Refactorizaciones/plantillas_css.html]
[trac/toba/wiki/Desarrollo/Refactorizaciones/tipos_pagina.html]
[trac/toba/wiki/Desarrollo/RevisionAPI.html]
[trac/toba/wiki/Desarrollo/SIU/InquietudesDesarrollo.html]
[trac/toba/wiki/Desarrollo/SeccionesToba.html]
[trac/toba/wiki/Desarrollo/TestingJS.html]
[trac/toba/wiki/Desarrollo/TestingPHP.html]
[trac/toba/wiki/Desarrollo/plan_0.8.html]
[trac/toba/wiki/Instalacion/CrearProyecto.html]
[trac/toba/wiki/Instalacion/Encoding.html]
[trac/toba/wiki/Instalacion/RequisitosPrevios.html]
[trac/toba/wiki/Proyectos/Referencia.html]
[trac/toba/wiki/Proyectos/TobaTesting.html]
[trac/toba/wiki/RefactorizacionCi_Junio_2005.html]
[trac/toba/wiki/Referencia/AbrirPhp.html]
[trac/toba/wiki/Referencia/ArbolItems.html]
[trac/toba/wiki/Referencia/Carpetas.html]
[trac/toba/wiki/Referencia/Consola.html]
[trac/toba/wiki/Referencia/Dao.html]
[trac/toba/wiki/Referencia/Deployment.html]
[trac/toba/wiki/Referencia/Ejecucion.html]
[trac/toba/wiki/Referencia/Eventos.html]
[trac/toba/wiki/Referencia/ExtensionesJavascript.html]
[trac/toba/wiki/Referencia/FuenteDatos.html]
[trac/toba/wiki/Referencia/Instalacion.html]
[trac/toba/wiki/Referencia/Instancia.html]
[trac/toba/wiki/Referencia/Item.html]
[trac/toba/wiki/Referencia/Marco.html]
[trac/toba/wiki/Referencia/MarcoTransaccional.html]
[trac/toba/wiki/Referencia/Mensajes.html]
[trac/toba/wiki/Referencia/Menu.html]
[trac/toba/wiki/Referencia/Objetos.html]
[trac/toba/wiki/Referencia/Objetos/Definicion.html]
[trac/toba/wiki/Referencia/Objetos/Extension.html]
[trac/toba/wiki/Referencia/Objetos/Persistencia.html]
[trac/toba/wiki/Referencia/Objetos/PersistenciaSesion.html]
[trac/toba/wiki/Referencia/Objetos/ci.html]
[trac/toba/wiki/Referencia/Objetos/ci_abm.html]
[trac/toba/wiki/Referencia/Objetos/datos_relacion.html]
[trac/toba/wiki/Referencia/Objetos/datos_tabla.html]
[trac/toba/wiki/Referencia/Objetos/db_registros.html]
[trac/toba/wiki/Referencia/Objetos/db_tablas.html]
[trac/toba/wiki/Referencia/Objetos/db_x_ejemplo.html]
[trac/toba/wiki/Referencia/Objetos/ei_arbol.html]
[trac/toba/wiki/Referencia/Objetos/ei_archivos.html]
[trac/toba/wiki/Referencia/Objetos/ei_calendario.html]
[trac/toba/wiki/Referencia/Objetos/ei_cuadro.html]
[trac/toba/wiki/Referencia/Objetos/ei_esquema.html]
[trac/toba/wiki/Referencia/Objetos/ei_filtro.html]
[trac/toba/wiki/Referencia/Objetos/ei_formulario.html]
[trac/toba/wiki/Referencia/Objetos/ei_formulario_ml.html]
[trac/toba/wiki/Referencia/Patron.html]
[trac/toba/wiki/Referencia/Plantillas.html]
[trac/toba/wiki/Referencia/ProcesoDeSubmit.html]
[trac/toba/wiki/Referencia/Proyecto.html]
[trac/toba/wiki/Referencia/PuntosDeAcceso.html]
[trac/toba/wiki/Referencia/ScriptsAdministrativos/GeneracionDBR.html]
[trac/toba/wiki/Referencia/Testing.html]
[trac/toba/wiki/Referencia/TipoPagina.html]
[trac/toba/wiki/Referencia/efs.html]
[trac/toba/wiki/Referencia/efs/Dependencias.html]
[trac/toba/wiki/Referencia/efs/Procesamientos.html]
[trac/toba/wiki/Referencia/efs/upload.html]
[trac/toba/wiki/Reuniones.html]
[trac/toba/wiki/Reuniones/2005-06-15.html]
[trac/toba/wiki/Reuniones/2005-08-02.html]
[trac/toba/wiki/Reuniones/2005-08-02/presentacion.html]
[trac/toba/wiki/Reuniones/2005-10-11.html]
[trac/toba/wiki/Reuniones/2005-11.html]
[trac/toba/wiki/SandBox.html]
[trac/toba/wiki/Screenshots.html]
[trac/toba/wiki/TestingPHP.html]
[trac/toba/wiki/TobaConsumeToba.html]
[trac/toba/wiki/Trac.html]
[trac/toba/wiki/TracAccessibility.html]
[trac/toba/wiki/TracCgi.html]
[trac/toba/wiki/TracEnvironment.html]
[trac/toba/wiki/TracFastCgi.html]
[trac/toba/wiki/TracInstalacion.html]
[trac/toba/wiki/TracInstallPlatforms.html]
[trac/toba/wiki/TracLinks.html]
[trac/toba/wiki/TracModPython.html]
[trac/toba/wiki/TracMultipleProjects.html]
[trac/toba/wiki/TracStandalone.html]
[trac/toba/wiki/TracSyntaxColoring.html]
[trac/toba/wiki/TracUnicode.html]
[trac/toba/wiki/Tutorial/Persistencia.html]
[trac/toba/wiki/Tutorial/Persistencia/ModeloDeDatos.html]
[trac/toba/wiki/Tuturial/Persistencia.html]
[trac/toba/wiki/Versiones/0.8.html]
[trac/toba/wiki/Versiones/0.8-2.html]
[trac/toba/wiki/Versiones/0.8-3.html]
[trac/toba/wiki/Versiones/Migracion0.8.html]
[trac/toba/wiki/Versiones/Migracion0.8-2.html]
[trac/toba/wiki/WikiDeletePage.html]
[trac/toba/wiki/WikiHtml.html]
[trac/toba/wiki/WikiMacros.html]
[trac/toba/wiki/WikiNewPage.html]
[trac/toba/wiki/WikiPageNames.html]
[trac/toba/wiki/WikiProcessors.html]
[trac/toba/wiki/WikiRestructuredText.html]
[trac/toba/wiki/WikiRestructuredTextLinks.html]
[trac/toba/attachment/wiki/MesaDeEntradas/Screenshot.png]
[trac/toba/attachment/wiki/Instalacion/TOBA - PROGRAMACION.doc]
[trac/toba/attachment/wiki/Instalacion/SIU_KOLLA_Instalacion_en_Windows.doc]
[trac/toba/attachment/wiki/Instalacion/Instalacion.doc]
[trac/toba/attachment/wiki/Instalacion/Quilmes - Instalación Toba.doc]
[trac/toba/attachment/wiki/Instalacion/Quilmes - Instalación SIU-Quilmes.doc]
[trac/toba/attachment/wiki/Reuniones/2005-11/deployment.jpg]
[trac/toba/attachment/wiki/Desarrollo/Autodocumentacion/evento_ei.html]
[trac/toba/attachment/wiki/Reuniones/2005-11/cronograma.jpg]
[trac/toba/attachment/wiki/Reuniones/2005-11/efs.jpg]
[trac/toba/attachment/wiki/Reuniones/2005-11/errores_sql.jpg]
[trac/toba/attachment/wiki/Reuniones/2005-11/metadatos_flujo.jpg]
[trac/toba/attachment/wiki/Reuniones/2005-11/generar_php.jpg]
[trac/toba/attachment/wiki/Desarrollo/LockingOptimista/patron.pdf]
[trac/toba/attachment/wiki/Desarrollo/Persistencia/Definicion.png]
[trac/toba/attachment/wiki/Reuniones/2005-11/persistencia_1.jpg]
[trac/toba/attachment/wiki/Reuniones/2005-11/persistencia_2.jpg]
[trac/toba/attachment/wiki/Reuniones/2005-11/nucleo_y_cascadas_1.jpg]
[trac/toba/attachment/wiki/Reuniones/2005-11/nucleo_y_cascadas_2.jpg]
[trac/toba/attachment/wiki/Reuniones/2005-11/nucleo_conclusiones.jpg]
[trac/toba/attachment/wiki/Reuniones/2005-11/nucleo_secuencia.jpg]
[trac/toba/attachment/wiki/Reuniones/2005-11/nucleo_tiempos.jpg]
[trac/toba/attachment/wiki/Reuniones/2005-11/vinculador.jpg]
[trac/toba/attachment/wiki/Desarrollo/Refactorizaciones/nucleo/nucleo.png]
[trac/toba/attachment/wiki/Reuniones/2005-11/correjir_api.jpg]
[trac/toba/attachment/wiki/Reuniones/2005-11/metadatos_secciones.jpg]
[trac/toba/attachment/wiki/RefactorizacionCi_Junio_2005/refactorizacion_ci.gif]
[trac/toba/attachment/wiki/Referencia/Deployment/desarrollo_produccion.png]
[trac/toba/attachment/wiki/Referencia/Deployment/actualizacion_toba.png]
[trac/toba/attachment/wiki/Referencia/Instancia/instancias_y_proyectos.png]
[trac/toba/attachment/wiki/Referencia/Instancia/composicion.png]
[trac/toba/attachment/wiki/Referencia/Marco/configuracion.png]
[trac/toba/attachment/wiki/Referencia/MarcoTransaccional/estados.png]
[trac/toba/attachment/wiki/Referencia/MarcoTransaccional/pedido.png]
[trac/toba/attachment/wiki/Referencia/MarcoTransaccional/ejemplo_pedido.png]
[trac/toba/attachment/wiki/Referencia/Objetos/Extension/editor_php.png]
[trac/toba/attachment/wiki/Referencia/Objetos/Extension/crear_archivo.png]
[trac/toba/attachment/wiki/Referencia/Objetos/Extension/crear_subclase.png]
[trac/toba/attachment/wiki/Referencia/Objetos/Persistencia/intro_persistencia.png]
[trac/toba/attachment/wiki/Referencia/Objetos/ei_arbol/objeto_ei_arbol.2.png]
[trac/toba/attachment/wiki/Referencia/Objetos/ei_archivos/objeto_ei_archivos.png]
[trac/toba/attachment/wiki/Referencia/Testing/testing.gif]
[trac/toba/attachment/wiki/Reuniones/2005-08-02/toba-2005.jpg]
[trac/toba/attachment/wiki/Reuniones/2005-10-11/reunion.jpg]
[trac/toba/attachment/wiki/Reuniones/2005-11/bahia.jpg]
[trac/toba/attachment/wiki/SandBox/vbulletin3_logo_white.gif]
[trac/toba/attachment/wiki/SandBox/imagen.gif]
[trac/toba/attachment/wiki/Screenshots/composicion-item.gif]
[trac/toba/log/index738b.html]
[trac/toba/attachment/wiki/Tutorial/Persistencia/ModeloDeDatos/modelo.gif]
[trac/toba/chrome/common/css/diff.css]
[trac/toba/log/indexf791.html]
[trac/toba/log/indexa820.html]
[trac/toba/log/index84dd.html]
[trac/toba/attachment/wiki/SandBox/DiTella.jpg]
